
diegopes@Diego MINGW64 ~/Desktop/Workspace
$ ls

diegopes@Diego MINGW64 ~/Desktop/Workspace
$ dir

diegopes@Diego MINGW64 ~/Desktop/Workspace
$ mkdir cursoGit

diegopes@Diego MINGW64 ~/Desktop/Workspace
$ cd cursoGit/

diegopes@Diego MINGW64 ~/Desktop/Workspace/cursoGit
$ git init
Initialized empty Git repository in C:/Users/diegopes/Desktop/Workspace/cursoGit/.git/

diegopes@Diego MINGW64 ~/Desktop/Workspace/cursoGit (master)
$ ls -a
./  ../  .git/

diegopes@Diego MINGW64 ~/Desktop/Workspace/cursoGit (master)
$ ls
curso.MD

diegopes@Diego MINGW64 ~/Desktop/Workspace/cursoGit (master)
$ git add *

diegopes@Diego MINGW64 ~/Desktop/Workspace/cursoGit (master)
$ git commit -m "Primeiro commit curso git"
[master (root-commit) d1ea746] Primeiro commit curso git
 1 file changed, 1 insertion(+)
 create mode 100644 curso.MD

diegopes@Diego MINGW64 ~/Desktop/Workspace/cursoGit (master)
$ git status
On branch master
nothing to commit, working tree clean

diegopes@Diego MINGW64 ~/Desktop/Workspace/cursoGit (master)
$ git add README.md
fatal: pathspec 'README.md' did not match any files

diegopes@Diego MINGW64 ~/Desktop/Workspace/cursoGit (master)
$ echo "# testeGit" >> README.md

diegopes@Diego MINGW64 ~/Desktop/Workspace/cursoGit (master)
$ git add --all
warning: LF will be replaced by CRLF in README.md.
The file will have its original line endings in your working directory

diegopes@Diego MINGW64 ~/Desktop/Workspace/cursoGit (master)
$ git add README.md

diegopes@Diego MINGW64 ~/Desktop/Workspace/cursoGit (master)
$ git status
On branch master
Changes to be committed:
  (use "git restore --staged <file>..." to unstage)
        new file:   README.md


diegopes@Diego MINGW64 ~/Desktop/Workspace/cursoGit (master)
$ ls
README.md  curso.MD

diegopes@Diego MINGW64 ~/Desktop/Workspace/cursoGit (master)
$ git commit -m "Segundo commit curso git"
[master cd05d88] Segundo commit curso git
 1 file changed, 1 insertion(+)
 create mode 100644 README.md

diegopes@Diego MINGW64 ~/Desktop/Workspace/cursoGit (master)
$ git remote add origin https://github.com/diegopes16/testeGit.git

diegopes@Diego MINGW64 ~/Desktop/Workspace/cursoGit (master)
$ git status
On branch master
nothing to commit, working tree clean

diegopes@Diego MINGW64 ~/Desktop/Workspace/cursoGit (master)
$ git push origin master
Enumerating objects: 6, done.
Counting objects: 100% (6/6), done.
Delta compression using up to 4 threads
Compressing objects: 100% (3/3), done.
Writing objects: 100% (6/6), 512 bytes | 256.00 KiB/s, done.
Total 6 (delta 0), reused 0 (delta 0), pack-reused 0
To https://github.com/diegopes16/testeGit.git
 * [new branch]      master -> master

diegopes@Diego MINGW64 ~/Desktop/Workspace/cursoGit (master)
$
